// Jest Snapshot v1, https://goo.gl/fbAQLP

exports[`Login tests:  Login component renders ok 1`] = `ShallowWrapper {}`;
