// Jest Snapshot v1, https://goo.gl/fbAQLP

exports[`Setting tests:  Setting component renders ok 1`] = `""`;
